census over 117 stores, 8 workers
  [clean    ] PHerc0846B/20250804142305-9.362um-1.2m-113keV-masked.zarr (ome-zarr) 122872 chunks 257681260544 B fill=0 26.6s
  [clean    ] PHerc0800/20250521135224-8.640um-1.2m-116keV-masked.zarr (ome-zarr) 377560 chunks 791800709120 B fill=0 30.9s
  [clean    ] PHerc0483B/20251124083638-8.640um-1.2m-116keV-masked.zarr (ome-zarr) 140567 chunks 294790365184 B fill=0 9.3s
  [clean    ] PHerc0175A/20250521115057-8.640um-1.2m-116keV-masked.zarr (ome-zarr) 166302 chunks 348760571904 B fill=0 9.1s
  [clean    ] PHerc0846B/20250804142305-9.362um-1.2m-113keV-masked.zarr (surface-prediction-zarr) 52434 chunks 15710617274 B fill=117 63.7s
  [clean    ] PHerc0268/20251110183117-8.640um-1.2m-116keV-masked.zarr (ome-zarr) 406401 chunks 852284669952 B fill=0 66.2s
  [clean    ] PHerc0191/20250821151635-9.362um-1.2m-113keV-masked.zarr (ome-zarr) 209800 chunks 439982489600 B fill=0 13.3s
  [clean    ] PHerc0257/20250821151750-9.362um-1.2m-113keV-masked.zarr (ome-zarr) 147066 chunks 308419756032 B fill=0 77.2s
  [clean    ] PHerc0800/20250521135224-8.640um-1.2m-116keV-masked.zarr (surface-prediction-zarr) 147585 chunks 52426964412 B fill=75 81.1s
  [clean    ] PHerc0175A/20250521115057-8.640um-1.2m-116keV-masked.zarr (surface-prediction-zarr) 68534 chunks 20136787727 B fill=338 134.7s
  [clean    ] PHerc0257/20250821151750-9.362um-1.2m-113keV-masked.zarr (surface-prediction-zarr) 59397 chunks 21466967944 B fill=0 205.1s
  [clean    ] PHerc0490B/20250521151215-8.640um-1.2m-116keV-masked.zarr (ome-zarr) 118465 chunks 248439111680 B fill=0 26.4s
  [clean    ] PHerc0191/20250821151635-9.362um-1.2m-113keV-masked.zarr (surface-prediction-zarr) 80852 chunks 29872878718 B fill=0 146.9s
  [clean    ] PHerc0268/20251110183117-8.640um-1.2m-116keV-masked.zarr (surface-prediction-zarr) 150105 chunks 57622243861 B fill=0 263.9s
  [clean    ] PHercMANB/20260323091048-2.399um-0.2m-78keV-masked.zarr (surface-prediction-zarr) 83833 chunks 9740660030 B fill=779 190.2s
  [clean    ] PHerc1667/20251217075048-2.399um-0.2m-78keV-masked.zarr (ome-zarr) 1134513 chunks 2379246206976 B fill=0 118.6s
  [clean    ] PHerc0343P/20260304131111-2.215um-0.4m-111keV-masked.zarr (ome-zarr) 285721 chunks 599200366592 B fill=0 55.9s
  [clean    ] PHerc0483B/20251124083638-8.640um-1.2m-116keV-masked.zarr (surface-prediction-zarr) 53746 chunks 19932920145 B fill=0 379.2s
  [VIOLATION] PHerc0343P/20250521134555-8.640um-1.2m-116keV-masked.zarr (ome-zarr) 10534 chunks 36815503360 B fill=0 54.3s
  [clean    ] PHerc1667/20231117161658-7.910um-53keV-masked.zarr (ome-zarr) 31391 chunks 65831698432 B fill=0 212.7s
  [clean    ] PHerc0490B/20250521151215-8.640um-1.2m-116keV-masked.zarr (surface-prediction-zarr) 48997 chunks 15807565120 B fill=0 336.1s
  [clean    ] PHerc0343P/20260304131111-2.215um-0.4m-111keV-masked.zarr (surface-prediction-zarr) 4410 chunks 490474563 B fill=48 163.9s
  [clean    ] PHercMANB/20260323091048-2.399um-0.2m-78keV-masked.zarr (ome-zarr) 8698096 chunks 18241229422592 B fill=0 529.7s
  [clean    ] PHerc1667/20260323082859-1.129um-0.2m-59keV-masked.zarr (ome-zarr) 6026798 chunks 12639111479296 B fill=0 448.6s
  [clean    ] PHercParis4/20260310170716-45.532um-11.0m-74keV-masked.zarr (ome-zarr) 2582 chunks 5414846464 B fill=0 21.5s
  [clean    ] PHercParis4/20260323153942-2.400um-0.2m-137keV-masked.zarr (ome-zarr) 210858 chunks 442201276416 B fill=0 159.1s
  [clean    ] PHercParis4/20260310173927-45.532um-11.0m-110keV-masked.zarr (ome-zarr) 2604 chunks 5460983808 B fill=0 21.7s
  [clean    ] PHercParis4/20260310170716-45.532um-11.0m-74keV-masked.zarr (ome-zarr) 2582 chunks 5414846464 B fill=0 221.4s
  [clean    ] PHercParis4/20230206171837-7.910um-54keV-masked.zarr (ome-zarr) 173516 chunks 363889426432 B fill=0 433.2s
  [clean    ] PHercParis4/20260310173927-45.532um-11.0m-110keV-masked.zarr (ome-zarr) 2604 chunks 5460983808 B fill=0 125.9s
  [clean    ] PHercParis4/20230205180739-7.910um-54keV-masked.zarr (ome-zarr) 212481 chunks 445604954112 B fill=0 491.7s
  [clean    ] PHercParis4/20260323153942-2.400um-0.2m-137keV-masked.zarr (ome-zarr) 210858 chunks 442201276416 B fill=0 424.2s
  [clean    ] PHerc1667/20231107190228-3.240um-88keV-masked.zarr (ome-zarr) 478157 chunks 1002767908864 B fill=0 712.7s
  [clean    ] PHerc1451/20250521151225-8.640um-1.2m-116keV-masked.zarr (ome-zarr) 82875 chunks 173801472000 B fill=0 144.6s
  [clean    ] PHerc0500P2/20250528085330-4.317um-1.2m-111keV-masked.zarr (ome-zarr) 51438 chunks 107873304576 B fill=0 10.8s
  [clean    ] PHerc0500P2/20250526151718-2.215um-0.4m-111keV-masked.zarr (ome-zarr) 267980 chunks 561994792960 B fill=0 36.5s
  [clean    ] PHerc1451/20260319101107-2.399um-0.2m-78keV-masked.zarr (ome-zarr) 2993444 chunks 6277707071488 B fill=0 273.0s
  [clean    ] PHercParis4/20260411134726-2.400um-0.2m-78keV-masked.zarr (surface-prediction-zarr) 73762 chunks 23304622565 B fill=0 374.9s
  [clean    ] PHerc0500P2/20250526151718-2.215um-0.4m-111keV-masked.zarr (surface-prediction-zarr) 4538 chunks 443543024 B fill=6 135.1s
  [clean    ] PHerc1451/20260319101107-2.399um-0.2m-78keV-masked.zarr (surface-prediction-zarr) 23763 chunks 6571319042 B fill=72 341.2s
  [clean    ] PHerc0500P2/20250820143440-9.362um-1.2m-113keV-masked.zarr (surface-prediction-zarr) 4186 chunks 533029113 B fill=1 49.8s
  [clean    ] PHerc0490A/20250521151210-8.640um-1.2m-116keV-masked.zarr (ome-zarr) 176829 chunks 370837291008 B fill=0 37.1s
  [clean    ] PHerc0500P2/20250821110041-0.550um-0.1m-65keV-masked.zarr (ome-zarr) 294375 chunks 617349120000 B fill=0 42.7s
  [clean    ] PHerc0500P2/20250820143440-9.362um-1.2m-113keV-masked.zarr (ome-zarr) 7041 chunks 14766047232 B fill=0 139.2s
  [clean    ] PHercParis3/20260427095331-2.400um-0.2m-78keV-masked.zarr (ome-zarr) 22774470 chunks 47761525309440 B fill=0 1358.4s
  [clean    ] PHerc0332/20251211183505-2.399um-0.2m-78keV-masked.zarr (ome-zarr) 1081587 chunks 2268252340224 B fill=0 98.4s
  [clean    ] PHercParis4/20260411134726-2.400um-0.2m-78keV-masked.zarr (ome-zarr) 11379932 chunks 23865447153664 B fill=0 587.4s
  [clean    ] PHercParis4/20260411134726-2.400um-0.2m-78keV-masked.zarr (surface-prediction-zarr) 1573992 chunks 721158909561 B fill=0 592.3s
  [clean    ] PHerc0490A/20250521151210-8.640um-1.2m-116keV-masked.zarr (surface-prediction-zarr) 70826 chunks 24509112499 B fill=0 174.5s
  [clean    ] PHerc0814/20250804134230-9.362um-1.2m-113keV-masked.zarr (ome-zarr) 105775 chunks 221826252800 B fill=0 71.9s
  [clean    ] PHerc0332/20251211183505-2.399um-0.2m-78keV-masked.zarr (surface-prediction-zarr) 9410 chunks 2258069607 B fill=41 265.7s
  [clean    ] PHercParis4/20260608103018-1.129um-0.2m-78keV-masked.zarr (ome-zarr) 23584396 chunks 49460063240192 B fill=0 1173.2s
  [clean    ] PHerc0332/20231117143551-7.910um-53keV-masked.zarr (ome-zarr) 35207 chunks 73834430464 B fill=0 272.8s
  [clean    ] PHerc0814/20250804134230-9.362um-1.2m-113keV-masked.zarr (surface-prediction-zarr) 43694 chunks 14628313010 B fill=12 263.5s
  [clean    ] PHerc1545/20250821151648-9.362um-1.2m-113keV-masked.zarr (ome-zarr) 135516 chunks 284197650432 B fill=0 71.0s
  [clean    ] PHerc0814/20260309142202-2.399um-0.2m-78keV-masked.zarr (surface-prediction-zarr) 41345 chunks 13991088085 B fill=44 176.6s
  [clean    ] PHerc0175B/20250521125822-8.640um-1.2m-116keV-masked.zarr (ome-zarr) 284350 chunks 596325171200 B fill=0 43.6s
  [clean    ] PHercMANBp/20251216152116-2.399um-0.2m-78keV-masked.zarr (ome-zarr) 48870 chunks 102487818240 B fill=0 13.4s
  [clean    ] PHercMANBp/20260427100434-1.129um-0.2m-59keV-masked.zarr (ome-zarr) 402803 chunks 844739117056 B fill=0 34.6s
  [clean    ] PHerc0826/20250821151701-9.362um-1.2m-113keV-masked.zarr (ome-zarr) 121660 chunks 255139512320 B fill=0 9.7s
  [clean    ] PHerc0814/20260309142202-2.399um-0.2m-78keV-masked.zarr (ome-zarr) 5700996 chunks 11955855163392 B fill=0 327.9s
  [clean    ] PHercMANBp/20251216152116-2.399um-0.2m-78keV-masked.zarr (surface-prediction-zarr) 1447 chunks 96192016 B fill=1 107.0s
  [clean    ] PHerc1218/20250521120456-8.640um-1.2m-116keV-masked.zarr (ome-zarr) 153236 chunks 321359183872 B fill=0 25.9s
  [clean    ] PHerc0814/20260521123630-1.129um-0.2m-59keV-masked.zarr (ome-zarr) 7570763 chunks 15877040766976 B fill=0 439.9s
  [clean    ] PHerc1545/20250821151648-9.362um-1.2m-113keV-masked.zarr (surface-prediction-zarr) 56304 chunks 17979790326 B fill=79 250.2s
  [clean    ] PHerc0125/20250821151825-9.362um-1.2m-113keV-masked.zarr (ome-zarr) 184320 chunks 386547056640 B fill=0 23.7s
  [clean    ] PHerc0332/20231027191953-3.240um-53keV-masked.zarr (ome-zarr) 460849 chunks 966470402048 B fill=0 646.1s
  [clean    ] PHerc0175B/20250521125822-8.640um-1.2m-116keV-masked.zarr (surface-prediction-zarr) 108973 chunks 39692229466 B fill=168 210.4s
  [clean    ] PHerc0826/20250821151701-9.362um-1.2m-113keV-masked.zarr (surface-prediction-zarr) 54827 chunks 12054764609 B fill=298 131.3s
  [clean    ] PHerc0841/20250821151531-9.366um-1.2m-113keV-masked.zarr (ome-zarr) 153391 chunks 321684242432 B fill=0 8.3s
  [clean    ] PHerc1299/20260309130042-2.399um-0.2m-78keV-masked.zarr (ome-zarr) 1523009 chunks 3193981370368 B fill=0 117.2s
  [clean    ] PHerc0332/20231201141544-3.240um-70keV-masked.zarr (ome-zarr) 451732 chunks 947350667264 B fill=0 603.7s
  [clean    ] PHerc0841/20260319124803-2.403um-0.2m-77keV-masked.zarr (ome-zarr) 1633630 chunks 3425970421760 B fill=0 64.9s
  [clean    ] PHerc1203/20250820131727-9.362um-1.2m-113keV-masked.zarr (ome-zarr) 147894 chunks 310156197888 B fill=0 13.4s
  [clean    ] PHerc1299/20260309130042-2.399um-0.2m-78keV-masked.zarr (surface-prediction-zarr) 13819 chunks 4100866779 B fill=14 149.1s
  [clean    ] PHerc1218/20250521120456-8.640um-1.2m-116keV-masked.zarr (surface-prediction-zarr) 65879 chunks 18771812758 B fill=424 197.7s
  [clean    ] PHerc0841/20250821151531-9.366um-1.2m-113keV-masked.zarr (surface-prediction-zarr) 63110 chunks 20991607536 B fill=95 129.2s
  [clean    ] PHerc0125/20250821151825-9.362um-1.2m-113keV-masked.zarr (surface-prediction-zarr) 73360 chunks 22770636702 B fill=149 146.3s
  [clean    ] PHerc1203/20260319130212-2.403um-0.2m-77keV-masked.zarr (surface-prediction-zarr) 9142 chunks 3319262468 B fill=20 90.5s
  [clean    ] PHerc1203/20260319130212-2.403um-0.2m-77keV-masked.zarr (ome-zarr) 1457455 chunks 3056504668160 B fill=0 93.2s
  [clean    ] PHerc0846A/20260319102732-2.403um-0.2m-77keV-masked.zarr (ome-zarr) 2169347 chunks 4549450399744 B fill=0 68.2s
  [clean    ] PHerc0846A/20250728152254-9.362um-1.2m-113keV-masked.zarr (ome-zarr) 114351 chunks 239811428352 B fill=0 46.1s
  [clean    ] PHerc0846A/20260319102732-2.403um-0.2m-77keV-masked.zarr (surface-prediction-zarr) 14464 chunks 4610592444 B fill=9 71.7s
  [clean    ] PHerc0009B/20260319104112-2.401um-0.3m-77keV-masked.zarr (ome-zarr) 826137 chunks 1732534861824 B fill=0 31.3s
  [clean    ] PHerc0343/20250521140437-8.640um-1.2m-116keV-masked.zarr (ome-zarr) 207216 chunks 434563448832 B fill=0 72.7s
  [clean    ] PHerc0343/20250521140437-8.640um-1.2m-116keV-masked.zarr (surface-prediction-zarr) 83608 chunks 27416906323 B fill=0 58.1s
  [clean    ] PHerc0009B/20250521125136-8.640um-1.2m-116keV-masked.zarr (ome-zarr) 37064 chunks 77728841728 B fill=0 7.9s
  [clean    ] PHerc0841/20260319124803-2.403um-0.2m-77keV-masked.zarr (surface-prediction-zarr) 10940 chunks 3971366774 B fill=2 236.2s
  [clean    ] PHercMAN5/20260311104824-2.399um-0.2m-78keV-masked.zarr (ome-zarr) 828858 chunks 1738241212416 B fill=0 102.1s
  [clean    ] PHerc0813/20250821151723-9.362um-1.2m-113keV-masked.zarr (ome-zarr) 155202 chunks 325482184704 B fill=0 64.3s
  [clean    ] PHerc0846A/20250728152254-9.362um-1.2m-113keV-masked.zarr (surface-prediction-zarr) 47530 chunks 13474342224 B fill=167 214.9s
  [clean    ] PHerc0009B/20250820154339-2.401um-0.3m-77keV-masked.zarr (ome-zarr) 906087 chunks 1900202164224 B fill=0 142.5s
  [clean    ] PHercMAN5/20260311104824-2.399um-0.2m-78keV-masked.zarr (surface-prediction-zarr) 7789 chunks 1626920362 B fill=14 232.3s
  [clean    ] PHerc1203/20250820131727-9.362um-1.2m-113keV-masked.zarr (surface-prediction-zarr) 58757 chunks 18958166786 B fill=71 301.1s
  [clean    ] PHerc0358/20250821151737-9.362um-1.2m-113keV-masked.zarr (ome-zarr) 135406 chunks 283966963712 B fill=0 30.5s
  [clean    ] PHerc1447/20250521151220-8.640um-1.2m-116keV-masked.zarr (ome-zarr) 215816 chunks 452598956032 B fill=0 146.1s
  [clean    ] PHerc0009B/20260319104112-2.401um-0.3m-77keV-masked.zarr (surface-prediction-zarr) 8019 chunks 1319430611 B fill=2 175.9s
  [clean    ] PHerc0306B/20250521133212-8.640um-1.2m-116keV-masked.zarr (ome-zarr) 189930 chunks 398312079360 B fill=0 68.9s
  [clean    ] PHerc0139/20260319133050-2.403um-0.2m-77keV-masked.zarr (ome-zarr) 2093410 chunks 4390198968320 B fill=0 232.9s
  [clean    ] PHerc0139/20260319133554-2.403um-0.2m-77keV-masked.zarr (ome-zarr) 1986464 chunks 4165916950528 B fill=0 229.1s
  [clean    ] PHerc0813/20250821151723-9.362um-1.2m-113keV-masked.zarr (surface-prediction-zarr) 59734 chunks 21723647128 B fill=46 391.1s
  [clean    ] PHerc0306B/20250521133212-8.640um-1.2m-116keV-masked.zarr (surface-prediction-zarr) 75802 chunks 24717448029 B fill=0 306.9s
  [clean    ] PHerc0358/20250821151737-9.362um-1.2m-113keV-masked.zarr (surface-prediction-zarr) 54343 chunks 18885927735 B fill=0 321.1s
  [clean    ] PHerc0139/20250728140407-9.362um-1.2m-113keV-masked.zarr (ome-zarr) 147139 chunks 308572848128 B fill=0 72.2s
  [clean    ] PHerc0211/20250821151803-9.362um-1.2m-113keV-masked.zarr (ome-zarr) 150094 chunks 314769932288 B fill=0 18.1s
  [clean    ] PHerc1447/20250521151220-8.640um-1.2m-116keV-masked.zarr (surface-prediction-zarr) 87792 chunks 26259579141 B fill=52 459.8s
  [clean    ] PHerc0139/20250820105138-2.403um-0.2m-77keV-masked.zarr (ome-zarr) 1966818 chunks 4124716302336 B fill=0 134.9s
  [clean    ] PHerc0139/20250728140407-9.362um-1.2m-113keV-masked.zarr (surface-prediction-zarr) 145772 chunks 15990010964 B fill=0 171.3s
  [clean    ] PHerc0172/20241024131839-7.910um-53keV-masked.zarr (ome-zarr) 342745 chunks 718788362240 B fill=0 45.8s
  [clean    ] PHerc0483A/20250521140913-8.640um-1.2m-116keV-masked.zarr (ome-zarr) 167919 chunks 352151666688 B fill=0 26.3s
  [clean    ] PHerc0139/20250822062710-2.403um-0.2m-77keV-masked.zarr (ome-zarr) 2062006 chunks 4324340006912 B fill=0 135.8s
  [clean    ] PHerc0139/20260413113053-1.129um-0.2m-59keV-masked.zarr (ome-zarr) 7279157 chunks 15265498660864 B fill=0 475.7s
  [clean    ] PHerc0139/20250728140407-9.362um-1.2m-113keV-masked.zarr (surface-prediction-zarr) 56670 chunks 17078884388 B fill=0 171.1s
  [clean    ] PHerc0211/20250821151803-9.362um-1.2m-113keV-masked.zarr (surface-prediction-zarr) 61029 chunks 19215059515 B fill=0 148.7s
  [clean    ] PHerc0139/20260102150214-2.399um-0.2m-78keV-masked.zarr (ome-zarr) 7417148 chunks 15554886762496 B fill=0 429.8s
  [clean    ] PHerc0172/20241024131838-7.910um-53keV-masked.zarr (ome-zarr) 405917 chunks 617380037462 B fill=0 126.9s
  [clean    ] PHerc0483A/20250521140913-8.640um-1.2m-116keV-masked.zarr (surface-prediction-zarr) 68776 chunks 21676299694 B fill=0 174.4s

117/117 origins (114 distinct stores) inventoried; 135909633 chunks, 278087441113724 B, 3144 all-fill (18386112 B). wrote reports/scan-full.json in 2976.8s
  PHerc0343P/20250521134555-8.640um-1.2m-116keV-masked.zarr: 3 findings
SCAN_EXIT=2
